// Jest Snapshot v1, https://goo.gl/fbAQLP

exports[`Pruebas en  <GifExpertApp /> debe de mostrar el componente correctamente 1`] = `
<Fragment>
  <h2>
    GiftExpertApp
  </h2>
  <AddCategory
    setCategories={[Function]}
  />
  <hr />
  <ol />
</Fragment>
`;
