// Jest Snapshot v1, https://goo.gl/fbAQLP

exports[`Pruebas en <HomeScreen/> debe de mostrarse correctamente 1`] = `
<div>
  <h1>
    HomeScreen
  </h1>
  <hr />
  <pre
    className="container"
  >
    {
   "name": "Richie",
   "email": "richie@devla.com"
}
  </pre>
</div>
`;
