// Jest Snapshot v1, https://goo.gl/fbAQLP

exports[`Pruebas en <HookApp/> el componente debe de mostrarse correctamente 1`] = `
<div>
  <h1>
    Hello World from HookApp!
  </h1>
</div>
`;
